Warning: in BindingsAtPrim at line 669 of /opt/USD/pxr/usd/usdShade/materialBindingAPI.cpp -- Found material bindings on prim at path (/anymal/base/visuals/mesh_0) but MaterialBindingAPI is not applied on the prim
Warning: in BindingsAtPrim at line 669 of /opt/USD/pxr/usd/usdShade/materialBindingAPI.cpp -- Found material bindings on prim at path (/anymal/base/visuals/mesh_0) but MaterialBindingAPI is not applied on the prim
Warning: in BindingsAtPrim at line 669 of /opt/USD/pxr/usd/usdShade/materialBindingAPI.cpp -- Found material bindings on prim at path (/anymal/base/visuals/mesh_0) but MaterialBindingAPI is not applied on the prim
Warning: in BindingsAtPrim at line 669 of /opt/USD/pxr/usd/usdShade/materialBindingAPI.cpp -- Found material bindings on prim at path (/anymal/base/visuals/mesh_0) but MaterialBindingAPI is not applied on the prim
Warning: in BindingsAtPrim at line 669 of /opt/USD/pxr/usd/usdShade/materialBindingAPI.cpp -- Found material bindings on prim at path (/anymal/base/visuals/mesh_1) but MaterialBindingAPI is not applied on the prim
Warning: in BindingsAtPrim at line 669 of /opt/USD/pxr/usd/usdShade/materialBindingAPI.cpp -- Found material bindings on prim at path (/anymal/base/visuals/mesh_1) but MaterialBindingAPI is not applied on the prim
Warning: in BindingsAtPrim at line 669 of /opt/USD/pxr/usd/usdShade/materialBindingAPI.cpp -- Found material bindings on prim at path (/anymal/base/visuals/mesh_1) but MaterialBindingAPI is not applied on the prim
Warning: in BindingsAtPrim at line 669 of /opt/USD/pxr/usd/usdShade/materialBindingAPI.cpp -- Found material bindings on prim at path (/anymal/base/visuals/mesh_1) but MaterialBindingAPI is not applied on the prim
Warning: in BindingsAtPrim at line 669 of /opt/USD/pxr/usd/usdShade/materialBindingAPI.cpp -- Found material bindings on prim at path (/anymal/base/visuals/mesh_2) but MaterialBindingAPI is not applied on the prim
Warning: in BindingsAtPrim at line 669 of /opt/USD/pxr/usd/usdShade/materialBindingAPI.cpp -- Found material bindings on prim at path (/anymal/base/visuals/mesh_2) but MaterialBindingAPI is not applied on the prim
Warning: in BindingsAtPrim at line 669 of /opt/USD/pxr/usd/usdShade/materialBindingAPI.cpp -- Found material bindings on prim at path (/anymal/base/visuals/mesh_2) but MaterialBindingAPI is not applied on the prim
Warning: in BindingsAtPrim at line 669 of /opt/USD/pxr/usd/usdShade/materialBindingAPI.cpp -- Found material bindings on prim at path (/anymal/base/visuals/mesh_2) but MaterialBindingAPI is not applied on the prim
Warning: in BindingsAtPrim at line 669 of /opt/USD/pxr/usd/usdShade/materialBindingAPI.cpp -- Found material bindings on prim at path (/anymal/base/visuals/mesh_3) but MaterialBindingAPI is not applied on the prim
Warning: in BindingsAtPrim at line 669 of /opt/USD/pxr/usd/usdShade/materialBindingAPI.cpp -- Found material bindings on prim at path (/anymal/base/visuals/mesh_3) but MaterialBindingAPI is not applied on the prim
Warning: in BindingsAtPrim at line 669 of /opt/USD/pxr/usd/usdShade/materialBindingAPI.cpp -- Found material bindings on prim at path (/anymal/base/visuals/mesh_3) but MaterialBindingAPI is not applied on the prim
Warning: in BindingsAtPrim at line 669 of /opt/USD/pxr/usd/usdShade/materialBindingAPI.cpp -- Found material bindings on prim at path (/anymal/base/visuals/mesh_3) but MaterialBindingAPI is not applied on the prim
Warning: in BindingsAtPrim at line 669 of /opt/USD/pxr/usd/usdShade/materialBindingAPI.cpp -- Found material bindings on prim at path (/anymal/base/visuals/mesh_4) but MaterialBindingAPI is not applied on the prim
Warning: in BindingsAtPrim at line 669 of /opt/USD/pxr/usd/usdShade/materialBindingAPI.cpp -- Found material bindings on prim at path (/anymal/base/visuals/mesh_4) but MaterialBindingAPI is not applied on the prim
Warning: in BindingsAtPrim at line 669 of /opt/USD/pxr/usd/usdShade/materialBindingAPI.cpp -- Found material bindings on prim at path (/anymal/base/visuals/mesh_4) but MaterialBindingAPI is not applied on the prim
Warning: in BindingsAtPrim at line 669 of /opt/USD/pxr/usd/usdShade/materialBindingAPI.cpp -- Found material bindings on prim at path (/anymal/base/visuals/mesh_4) but MaterialBindingAPI is not applied on the prim
Warning: in BindingsAtPrim at line 669 of /opt/USD/pxr/usd/usdShade/materialBindingAPI.cpp -- Found material bindings on prim at path (/anymal/base/visuals/mesh_5) but MaterialBindingAPI is not applied on the prim
Warning: in BindingsAtPrim at line 669 of /opt/USD/pxr/usd/usdShade/materialBindingAPI.cpp -- Found material bindings on prim at path (/anymal/base/visuals/mesh_5) but MaterialBindingAPI is not applied on the prim
Warning: in BindingsAtPrim at line 669 of /opt/USD/pxr/usd/usdShade/materialBindingAPI.cpp -- Found material bindings on prim at path (/anymal/base/visuals/mesh_5) but MaterialBindingAPI is not applied on the prim
Warning: in BindingsAtPrim at line 669 of /opt/USD/pxr/usd/usdShade/materialBindingAPI.cpp -- Found material bindings on prim at path (/anymal/base/visuals/mesh_5) but MaterialBindingAPI is not applied on the prim
Warning: in BindingsAtPrim at line 669 of /opt/USD/pxr/usd/usdShade/materialBindingAPI.cpp -- Found material bindings on prim at path (/anymal/base/visuals/mesh_6) but MaterialBindingAPI is not applied on the prim
Warning: in BindingsAtPrim at line 669 of /opt/USD/pxr/usd/usdShade/materialBindingAPI.cpp -- Found material bindings on prim at path (/anymal/base/visuals/mesh_6) but MaterialBindingAPI is not applied on the prim
Warning: in BindingsAtPrim at line 669 of /opt/USD/pxr/usd/usdShade/materialBindingAPI.cpp -- Found material bindings on prim at path (/anymal/base/visuals/mesh_6) but MaterialBindingAPI is not applied on the prim
Warning: in BindingsAtPrim at line 669 of /opt/USD/pxr/usd/usdShade/materialBindingAPI.cpp -- Found material bindings on prim at path (/anymal/base/visuals/mesh_6) but MaterialBindingAPI is not applied on the prim
Warning: in BindingsAtPrim at line 669 of /opt/USD/pxr/usd/usdShade/materialBindingAPI.cpp -- Found material bindings on prim at path (/anymal/base/visuals/mesh_7) but MaterialBindingAPI is not applied on the prim
Warning: in BindingsAtPrim at line 669 of /opt/USD/pxr/usd/usdShade/materialBindingAPI.cpp -- Found material bindings on prim at path (/anymal/base/visuals/mesh_7) but MaterialBindingAPI is not applied on the prim
Warning: in BindingsAtPrim at line 669 of /opt/USD/pxr/usd/usdShade/materialBindingAPI.cpp -- Found material bindings on prim at path (/anymal/base/visuals/mesh_7) but MaterialBindingAPI is not applied on the prim
Warning: in BindingsAtPrim at line 669 of /opt/USD/pxr/usd/usdShade/materialBindingAPI.cpp -- Found material bindings on prim at path (/anymal/base/visuals/mesh_7) but MaterialBindingAPI is not applied on the prim
Warning: in BindingsAtPrim at line 669 of /opt/USD/pxr/usd/usdShade/materialBindingAPI.cpp -- Found material bindings on prim at path (/anymal/base/visuals/mesh_8) but MaterialBindingAPI is not applied on the prim
Warning: in BindingsAtPrim at line 669 of /opt/USD/pxr/usd/usdShade/materialBindingAPI.cpp -- Found material bindings on prim at path (/anymal/base/visuals/mesh_8) but MaterialBindingAPI is not applied on the prim
Warning: in BindingsAtPrim at line 669 of /opt/USD/pxr/usd/usdShade/materialBindingAPI.cpp -- Found material bindings on prim at path (/anymal/base/visuals/mesh_8) but MaterialBindingAPI is not applied on the prim
Warning: in BindingsAtPrim at line 669 of /opt/USD/pxr/usd/usdShade/materialBindingAPI.cpp -- Found material bindings on prim at path (/anymal/base/visuals/mesh_8) but MaterialBindingAPI is not applied on the prim
Warning: in BindingsAtPrim at line 669 of /opt/USD/pxr/usd/usdShade/materialBindingAPI.cpp -- Found material bindings on prim at path (/anymal/base/visuals/mesh_9) but MaterialBindingAPI is not applied on the prim
Warning: in BindingsAtPrim at line 669 of /opt/USD/pxr/usd/usdShade/materialBindingAPI.cpp -- Found material bindings on prim at path (/anymal/base/visuals/mesh_9) but MaterialBindingAPI is not applied on the prim
Warning: in BindingsAtPrim at line 669 of /opt/USD/pxr/usd/usdShade/materialBindingAPI.cpp -- Found material bindings on prim at path (/anymal/base/visuals/mesh_9) but MaterialBindingAPI is not applied on the prim
Warning: in BindingsAtPrim at line 669 of /opt/USD/pxr/usd/usdShade/materialBindingAPI.cpp -- Found material bindings on prim at path (/anymal/base/visuals/mesh_9) but MaterialBindingAPI is not applied on the prim
Warning: in BindingsAtPrim at line 669 of /opt/USD/pxr/usd/usdShade/materialBindingAPI.cpp -- Found material bindings on prim at path (/anymal/base/visuals/mesh_10) but MaterialBindingAPI is not applied on the prim
Warning: in BindingsAtPrim at line 669 of /opt/USD/pxr/usd/usdShade/materialBindingAPI.cpp -- Found material bindings on prim at path (/anymal/base/visuals/mesh_10) but MaterialBindingAPI is not applied on the prim
Warning: in BindingsAtPrim at line 669 of /opt/USD/pxr/usd/usdShade/materialBindingAPI.cpp -- Found material bindings on prim at path (/anymal/base/visuals/mesh_10) but MaterialBindingAPI is not applied on the prim
Warning: in BindingsAtPrim at line 669 of /opt/USD/pxr/usd/usdShade/materialBindingAPI.cpp -- Found material bindings on prim at path (/anymal/base/visuals/mesh_10) but MaterialBindingAPI is not applied on the prim
Warning: in BindingsAtPrim at line 669 of /opt/USD/pxr/usd/usdShade/materialBindingAPI.cpp -- Found material bindings on prim at path (/anymal/base/visuals/mesh_11) but MaterialBindingAPI is not applied on the prim
Warning: in BindingsAtPrim at line 669 of /opt/USD/pxr/usd/usdShade/materialBindingAPI.cpp -- Found material bindings on prim at path (/anymal/base/visuals/mesh_11) but MaterialBindingAPI is not applied on the prim
Warning: in BindingsAtPrim at line 669 of /opt/USD/pxr/usd/usdShade/materialBindingAPI.cpp -- Found material bindings on prim at path (/anymal/base/visuals/mesh_11) but MaterialBindingAPI is not applied on the prim
Warning: in BindingsAtPrim at line 669 of /opt/USD/pxr/usd/usdShade/materialBindingAPI.cpp -- Found material bindings on prim at path (/anymal/base/visuals/mesh_11) but MaterialBindingAPI is not applied on the prim
Warning: in BindingsAtPrim at line 669 of /opt/USD/pxr/usd/usdShade/materialBindingAPI.cpp -- Found material bindings on prim at path (/anymal/base/visuals/mesh_12) but MaterialBindingAPI is not applied on the prim
Warning: in BindingsAtPrim at line 669 of /opt/USD/pxr/usd/usdShade/materialBindingAPI.cpp -- Found material bindings on prim at path (/anymal/base/visuals/mesh_12) but MaterialBindingAPI is not applied on the prim
Warning: in BindingsAtPrim at line 669 of /opt/USD/pxr/usd/usdShade/materialBindingAPI.cpp -- Found material bindings on prim at path (/anymal/base/visuals/mesh_12) but MaterialBindingAPI is not applied on the prim
Warning: in BindingsAtPrim at line 669 of /opt/USD/pxr/usd/usdShade/materialBindingAPI.cpp -- Found material bindings on prim at path (/anymal/base/visuals/mesh_12) but MaterialBindingAPI is not applied on the prim
Warning: in BindingsAtPrim at line 669 of /opt/USD/pxr/usd/usdShade/materialBindingAPI.cpp -- Found material bindings on prim at path (/anymal/base/visuals/mesh_13) but MaterialBindingAPI is not applied on the prim
Warning: in BindingsAtPrim at line 669 of /opt/USD/pxr/usd/usdShade/materialBindingAPI.cpp -- Found material bindings on prim at path (/anymal/base/visuals/mesh_13) but MaterialBindingAPI is not applied on the prim
Warning: in BindingsAtPrim at line 669 of /opt/USD/pxr/usd/usdShade/materialBindingAPI.cpp -- Found material bindings on prim at path (/anymal/base/visuals/mesh_13) but MaterialBindingAPI is not applied on the prim
Warning: in BindingsAtPrim at line 669 of /opt/USD/pxr/usd/usdShade/materialBindingAPI.cpp -- Found material bindings on prim at path (/anymal/base/visuals/mesh_13) but MaterialBindingAPI is not applied on the prim
Warning: in BindingsAtPrim at line 669 of /opt/USD/pxr/usd/usdShade/materialBindingAPI.cpp -- Found material bindings on prim at path (/anymal/LF_HIP/visuals/mesh_0) but MaterialBindingAPI is not applied on the prim
Warning: in BindingsAtPrim at line 669 of /opt/USD/pxr/usd/usdShade/materialBindingAPI.cpp -- Found material bindings on prim at path (/anymal/LF_HIP/visuals/mesh_0) but MaterialBindingAPI is not applied on the prim
Warning: in BindingsAtPrim at line 669 of /opt/USD/pxr/usd/usdShade/materialBindingAPI.cpp -- Found material bindings on prim at path (/anymal/LF_HIP/visuals/mesh_0) but MaterialBindingAPI is not applied on the prim
Warning: in BindingsAtPrim at line 669 of /opt/USD/pxr/usd/usdShade/materialBindingAPI.cpp -- Found material bindings on prim at path (/anymal/LF_HIP/visuals/mesh_0) but MaterialBindingAPI is not applied on the prim
Warning: in BindingsAtPrim at line 669 of /opt/USD/pxr/usd/usdShade/materialBindingAPI.cpp -- Found material bindings on prim at path (/anymal/LF_THIGH/visuals/mesh_0) but MaterialBindingAPI is not applied on the prim
Warning: in BindingsAtPrim at line 669 of /opt/USD/pxr/usd/usdShade/materialBindingAPI.cpp -- Found material bindings on prim at path (/anymal/LF_THIGH/visuals/mesh_0) but MaterialBindingAPI is not applied on the prim
Warning: in BindingsAtPrim at line 669 of /opt/USD/pxr/usd/usdShade/materialBindingAPI.cpp -- Found material bindings on prim at path (/anymal/LF_THIGH/visuals/mesh_0) but MaterialBindingAPI is not applied on the prim
Warning: in BindingsAtPrim at line 669 of /opt/USD/pxr/usd/usdShade/materialBindingAPI.cpp -- Found material bindings on prim at path (/anymal/LF_THIGH/visuals/mesh_0) but MaterialBindingAPI is not applied on the prim
Warning: in BindingsAtPrim at line 669 of /opt/USD/pxr/usd/usdShade/materialBindingAPI.cpp -- Found material bindings on prim at path (/anymal/LF_THIGH/visuals/mesh_1) but MaterialBindingAPI is not applied on the prim
Warning: in BindingsAtPrim at line 669 of /opt/USD/pxr/usd/usdShade/materialBindingAPI.cpp -- Found material bindings on prim at path (/anymal/LF_THIGH/visuals/mesh_1) but MaterialBindingAPI is not applied on the prim
Warning: in BindingsAtPrim at line 669 of /opt/USD/pxr/usd/usdShade/materialBindingAPI.cpp -- Found material bindings on prim at path (/anymal/LF_THIGH/visuals/mesh_1) but MaterialBindingAPI is not applied on the prim
Warning: in BindingsAtPrim at line 669 of /opt/USD/pxr/usd/usdShade/materialBindingAPI.cpp -- Found material bindings on prim at path (/anymal/LF_THIGH/visuals/mesh_1) but MaterialBindingAPI is not applied on the prim
Warning: in BindingsAtPrim at line 669 of /opt/USD/pxr/usd/usdShade/materialBindingAPI.cpp -- Found material bindings on prim at path (/anymal/LF_THIGH/visuals/mesh_2) but MaterialBindingAPI is not applied on the prim
Warning: in BindingsAtPrim at line 669 of /opt/USD/pxr/usd/usdShade/materialBindingAPI.cpp -- Found material bindings on prim at path (/anymal/LF_THIGH/visuals/mesh_2) but MaterialBindingAPI is not applied on the prim
Warning: in BindingsAtPrim at line 669 of /opt/USD/pxr/usd/usdShade/materialBindingAPI.cpp -- Found material bindings on prim at path (/anymal/LF_THIGH/visuals/mesh_2) but MaterialBindingAPI is not applied on the prim
Warning: in BindingsAtPrim at line 669 of /opt/USD/pxr/usd/usdShade/materialBindingAPI.cpp -- Found material bindings on prim at path (/anymal/LF_THIGH/visuals/mesh_2) but MaterialBindingAPI is not applied on the prim
Warning: in BindingsAtPrim at line 669 of /opt/USD/pxr/usd/usdShade/materialBindingAPI.cpp -- Found material bindings on prim at path (/anymal/LF_SHANK/visuals/mesh_0) but MaterialBindingAPI is not applied on the prim
Warning: in BindingsAtPrim at line 669 of /opt/USD/pxr/usd/usdShade/materialBindingAPI.cpp -- Found material bindings on prim at path (/anymal/LF_SHANK/visuals/mesh_0) but MaterialBindingAPI is not applied on the prim
Warning: in BindingsAtPrim at line 669 of /opt/USD/pxr/usd/usdShade/materialBindingAPI.cpp -- Found material bindings on prim at path (/anymal/LF_SHANK/visuals/mesh_0) but MaterialBindingAPI is not applied on the prim
Warning: in BindingsAtPrim at line 669 of /opt/USD/pxr/usd/usdShade/materialBindingAPI.cpp -- Found material bindings on prim at path (/anymal/LF_SHANK/visuals/mesh_0) but MaterialBindingAPI is not applied on the prim
Warning: in BindingsAtPrim at line 669 of /opt/USD/pxr/usd/usdShade/materialBindingAPI.cpp -- Found material bindings on prim at path (/anymal/LF_FOOT/visuals/mesh_0) but MaterialBindingAPI is not applied on the prim
Warning: in BindingsAtPrim at line 669 of /opt/USD/pxr/usd/usdShade/materialBindingAPI.cpp -- Found material bindings on prim at path (/anymal/LF_FOOT/visuals/mesh_0) but MaterialBindingAPI is not applied on the prim
Warning: in BindingsAtPrim at line 669 of /opt/USD/pxr/usd/usdShade/materialBindingAPI.cpp -- Found material bindings on prim at path (/anymal/LF_FOOT/visuals/mesh_0) but MaterialBindingAPI is not applied on the prim
Warning: in BindingsAtPrim at line 669 of /opt/USD/pxr/usd/usdShade/materialBindingAPI.cpp -- Found material bindings on prim at path (/anymal/LF_FOOT/visuals/mesh_0) but MaterialBindingAPI is not applied on the prim
Warning: in BindingsAtPrim at line 669 of /opt/USD/pxr/usd/usdShade/materialBindingAPI.cpp -- Found material bindings on prim at path (/anymal/LH_HIP/visuals/mesh_0) but MaterialBindingAPI is not applied on the prim
Warning: in BindingsAtPrim at line 669 of /opt/USD/pxr/usd/usdShade/materialBindingAPI.cpp -- Found material bindings on prim at path (/anymal/LH_HIP/visuals/mesh_0) but MaterialBindingAPI is not applied on the prim
Warning: in BindingsAtPrim at line 669 of /opt/USD/pxr/usd/usdShade/materialBindingAPI.cpp -- Found material bindings on prim at path (/anymal/LH_HIP/visuals/mesh_0) but MaterialBindingAPI is not applied on the prim
Warning: in BindingsAtPrim at line 669 of /opt/USD/pxr/usd/usdShade/materialBindingAPI.cpp -- Found material bindings on prim at path (/anymal/LH_HIP/visuals/mesh_0) but MaterialBindingAPI is not applied on the prim
Warning: in BindingsAtPrim at line 669 of /opt/USD/pxr/usd/usdShade/materialBindingAPI.cpp -- Found material bindings on prim at path (/anymal/LH_THIGH/visuals/mesh_0) but MaterialBindingAPI is not applied on the prim
Warning: in BindingsAtPrim at line 669 of /opt/USD/pxr/usd/usdShade/materialBindingAPI.cpp -- Found material bindings on prim at path (/anymal/LH_THIGH/visuals/mesh_0) but MaterialBindingAPI is not applied on the prim
Warning: in BindingsAtPrim at line 669 of /opt/USD/pxr/usd/usdShade/materialBindingAPI.cpp -- Found material bindings on prim at path (/anymal/LH_THIGH/visuals/mesh_0) but MaterialBindingAPI is not applied on the prim
Warning: in BindingsAtPrim at line 669 of /opt/USD/pxr/usd/usdShade/materialBindingAPI.cpp -- Found material bindings on prim at path (/anymal/LH_THIGH/visuals/mesh_0) but MaterialBindingAPI is not applied on the prim
Warning: in BindingsAtPrim at line 669 of /opt/USD/pxr/usd/usdShade/materialBindingAPI.cpp -- Found material bindings on prim at path (/anymal/LH_THIGH/visuals/mesh_1) but MaterialBindingAPI is not applied on the prim
Warning: in BindingsAtPrim at line 669 of /opt/USD/pxr/usd/usdShade/materialBindingAPI.cpp -- Found material bindings on prim at path (/anymal/LH_THIGH/visuals/mesh_1) but MaterialBindingAPI is not applied on the prim
Warning: in BindingsAtPrim at line 669 of /opt/USD/pxr/usd/usdShade/materialBindingAPI.cpp -- Found material bindings on prim at path (/anymal/LH_THIGH/visuals/mesh_1) but MaterialBindingAPI is not applied on the prim
Warning: in BindingsAtPrim at line 669 of /opt/USD/pxr/usd/usdShade/materialBindingAPI.cpp -- Found material bindings on prim at path (/anymal/LH_THIGH/visuals/mesh_1) but MaterialBindingAPI is not applied on the prim
Warning: in BindingsAtPrim at line 669 of /opt/USD/pxr/usd/usdShade/materialBindingAPI.cpp -- Found material bindings on prim at path (/anymal/LH_THIGH/visuals/mesh_2) but MaterialBindingAPI is not applied on the prim
Warning: in BindingsAtPrim at line 669 of /opt/USD/pxr/usd/usdShade/materialBindingAPI.cpp -- Found material bindings on prim at path (/anymal/LH_THIGH/visuals/mesh_2) but MaterialBindingAPI is not applied on the prim
Warning: in BindingsAtPrim at line 669 of /opt/USD/pxr/usd/usdShade/materialBindingAPI.cpp -- Found material bindings on prim at path (/anymal/LH_THIGH/visuals/mesh_2) but MaterialBindingAPI is not applied on the prim
Warning: in BindingsAtPrim at line 669 of /opt/USD/pxr/usd/usdShade/materialBindingAPI.cpp -- Found material bindings on prim at path (/anymal/LH_THIGH/visuals/mesh_2) but MaterialBindingAPI is not applied on the prim
Warning: in BindingsAtPrim at line 669 of /opt/USD/pxr/usd/usdShade/materialBindingAPI.cpp -- Found material bindings on prim at path (/anymal/LH_SHANK/visuals/mesh_0) but MaterialBindingAPI is not applied on the prim
Warning: in BindingsAtPrim at line 669 of /opt/USD/pxr/usd/usdShade/materialBindingAPI.cpp -- Found material bindings on prim at path (/anymal/LH_SHANK/visuals/mesh_0) but MaterialBindingAPI is not applied on the prim
Warning: in BindingsAtPrim at line 669 of /opt/USD/pxr/usd/usdShade/materialBindingAPI.cpp -- Found material bindings on prim at path (/anymal/LH_SHANK/visuals/mesh_0) but MaterialBindingAPI is not applied on the prim
Warning: in BindingsAtPrim at line 669 of /opt/USD/pxr/usd/usdShade/materialBindingAPI.cpp -- Found material bindings on prim at path (/anymal/LH_SHANK/visuals/mesh_0) but MaterialBindingAPI is not applied on the prim
Warning: in BindingsAtPrim at line 669 of /opt/USD/pxr/usd/usdShade/materialBindingAPI.cpp -- Found material bindings on prim at path (/anymal/LH_FOOT/visuals/mesh_0) but MaterialBindingAPI is not applied on the prim
Warning: in BindingsAtPrim at line 669 of /opt/USD/pxr/usd/usdShade/materialBindingAPI.cpp -- Found material bindings on prim at path (/anymal/LH_FOOT/visuals/mesh_0) but MaterialBindingAPI is not applied on the prim
Warning: in BindingsAtPrim at line 669 of /opt/USD/pxr/usd/usdShade/materialBindingAPI.cpp -- Found material bindings on prim at path (/anymal/LH_FOOT/visuals/mesh_0) but MaterialBindingAPI is not applied on the prim
Warning: in BindingsAtPrim at line 669 of /opt/USD/pxr/usd/usdShade/materialBindingAPI.cpp -- Found material bindings on prim at path (/anymal/LH_FOOT/visuals/mesh_0) but MaterialBindingAPI is not applied on the prim
Warning: in BindingsAtPrim at line 669 of /opt/USD/pxr/usd/usdShade/materialBindingAPI.cpp -- Found material bindings on prim at path (/anymal/RF_HIP/visuals/mesh_0) but MaterialBindingAPI is not applied on the prim
Warning: in BindingsAtPrim at line 669 of /opt/USD/pxr/usd/usdShade/materialBindingAPI.cpp -- Found material bindings on prim at path (/anymal/RF_HIP/visuals/mesh_0) but MaterialBindingAPI is not applied on the prim
Warning: in BindingsAtPrim at line 669 of /opt/USD/pxr/usd/usdShade/materialBindingAPI.cpp -- Found material bindings on prim at path (/anymal/RF_HIP/visuals/mesh_0) but MaterialBindingAPI is not applied on the prim
Warning: in BindingsAtPrim at line 669 of /opt/USD/pxr/usd/usdShade/materialBindingAPI.cpp -- Found material bindings on prim at path (/anymal/RF_HIP/visuals/mesh_0) but MaterialBindingAPI is not applied on the prim
Warning: in BindingsAtPrim at line 669 of /opt/USD/pxr/usd/usdShade/materialBindingAPI.cpp -- Found material bindings on prim at path (/anymal/RF_THIGH/visuals/mesh_0) but MaterialBindingAPI is not applied on the prim
Warning: in BindingsAtPrim at line 669 of /opt/USD/pxr/usd/usdShade/materialBindingAPI.cpp -- Found material bindings on prim at path (/anymal/RF_THIGH/visuals/mesh_0) but MaterialBindingAPI is not applied on the prim
Warning: in BindingsAtPrim at line 669 of /opt/USD/pxr/usd/usdShade/materialBindingAPI.cpp -- Found material bindings on prim at path (/anymal/RF_THIGH/visuals/mesh_0) but MaterialBindingAPI is not applied on the prim
Warning: in BindingsAtPrim at line 669 of /opt/USD/pxr/usd/usdShade/materialBindingAPI.cpp -- Found material bindings on prim at path (/anymal/RF_THIGH/visuals/mesh_0) but MaterialBindingAPI is not applied on the prim
Warning: in BindingsAtPrim at line 669 of /opt/USD/pxr/usd/usdShade/materialBindingAPI.cpp -- Found material bindings on prim at path (/anymal/RF_THIGH/visuals/mesh_1) but MaterialBindingAPI is not applied on the prim
Warning: in BindingsAtPrim at line 669 of /opt/USD/pxr/usd/usdShade/materialBindingAPI.cpp -- Found material bindings on prim at path (/anymal/RF_THIGH/visuals/mesh_1) but MaterialBindingAPI is not applied on the prim
Warning: in BindingsAtPrim at line 669 of /opt/USD/pxr/usd/usdShade/materialBindingAPI.cpp -- Found material bindings on prim at path (/anymal/RF_THIGH/visuals/mesh_1) but MaterialBindingAPI is not applied on the prim
Warning: in BindingsAtPrim at line 669 of /opt/USD/pxr/usd/usdShade/materialBindingAPI.cpp -- Found material bindings on prim at path (/anymal/RF_THIGH/visuals/mesh_1) but MaterialBindingAPI is not applied on the prim
Warning: in BindingsAtPrim at line 669 of /opt/USD/pxr/usd/usdShade/materialBindingAPI.cpp -- Found material bindings on prim at path (/anymal/RF_THIGH/visuals/mesh_2) but MaterialBindingAPI is not applied on the prim
Warning: in BindingsAtPrim at line 669 of /opt/USD/pxr/usd/usdShade/materialBindingAPI.cpp -- Found material bindings on prim at path (/anymal/RF_THIGH/visuals/mesh_2) but MaterialBindingAPI is not applied on the prim
Warning: in BindingsAtPrim at line 669 of /opt/USD/pxr/usd/usdShade/materialBindingAPI.cpp -- Found material bindings on prim at path (/anymal/RF_THIGH/visuals/mesh_2) but MaterialBindingAPI is not applied on the prim
Warning: in BindingsAtPrim at line 669 of /opt/USD/pxr/usd/usdShade/materialBindingAPI.cpp -- Found material bindings on prim at path (/anymal/RF_THIGH/visuals/mesh_2) but MaterialBindingAPI is not applied on the prim
Warning: in BindingsAtPrim at line 669 of /opt/USD/pxr/usd/usdShade/materialBindingAPI.cpp -- Found material bindings on prim at path (/anymal/RF_SHANK/visuals/mesh_0) but MaterialBindingAPI is not applied on the prim
Warning: in BindingsAtPrim at line 669 of /opt/USD/pxr/usd/usdShade/materialBindingAPI.cpp -- Found material bindings on prim at path (/anymal/RF_SHANK/visuals/mesh_0) but MaterialBindingAPI is not applied on the prim
Warning: in BindingsAtPrim at line 669 of /opt/USD/pxr/usd/usdShade/materialBindingAPI.cpp -- Found material bindings on prim at path (/anymal/RF_SHANK/visuals/mesh_0) but MaterialBindingAPI is not applied on the prim
Warning: in BindingsAtPrim at line 669 of /opt/USD/pxr/usd/usdShade/materialBindingAPI.cpp -- Found material bindings on prim at path (/anymal/RF_SHANK/visuals/mesh_0) but MaterialBindingAPI is not applied on the prim
Warning: in BindingsAtPrim at line 669 of /opt/USD/pxr/usd/usdShade/materialBindingAPI.cpp -- Found material bindings on prim at path (/anymal/RF_FOOT/visuals/mesh_0) but MaterialBindingAPI is not applied on the prim
Warning: in BindingsAtPrim at line 669 of /opt/USD/pxr/usd/usdShade/materialBindingAPI.cpp -- Found material bindings on prim at path (/anymal/RF_FOOT/visuals/mesh_0) but MaterialBindingAPI is not applied on the prim
Warning: in BindingsAtPrim at line 669 of /opt/USD/pxr/usd/usdShade/materialBindingAPI.cpp -- Found material bindings on prim at path (/anymal/RF_FOOT/visuals/mesh_0) but MaterialBindingAPI is not applied on the prim
Warning: in BindingsAtPrim at line 669 of /opt/USD/pxr/usd/usdShade/materialBindingAPI.cpp -- Found material bindings on prim at path (/anymal/RF_FOOT/visuals/mesh_0) but MaterialBindingAPI is not applied on the prim
Warning: in BindingsAtPrim at line 669 of /opt/USD/pxr/usd/usdShade/materialBindingAPI.cpp -- Found material bindings on prim at path (/anymal/RH_HIP/visuals/mesh_0) but MaterialBindingAPI is not applied on the prim
Warning: in BindingsAtPrim at line 669 of /opt/USD/pxr/usd/usdShade/materialBindingAPI.cpp -- Found material bindings on prim at path (/anymal/RH_HIP/visuals/mesh_0) but MaterialBindingAPI is not applied on the prim
Warning: in BindingsAtPrim at line 669 of /opt/USD/pxr/usd/usdShade/materialBindingAPI.cpp -- Found material bindings on prim at path (/anymal/RH_HIP/visuals/mesh_0) but MaterialBindingAPI is not applied on the prim
Warning: in BindingsAtPrim at line 669 of /opt/USD/pxr/usd/usdShade/materialBindingAPI.cpp -- Found material bindings on prim at path (/anymal/RH_HIP/visuals/mesh_0) but MaterialBindingAPI is not applied on the prim
Warning: in BindingsAtPrim at line 669 of /opt/USD/pxr/usd/usdShade/materialBindingAPI.cpp -- Found material bindings on prim at path (/anymal/RH_THIGH/visuals/mesh_0) but MaterialBindingAPI is not applied on the prim
Warning: in BindingsAtPrim at line 669 of /opt/USD/pxr/usd/usdShade/materialBindingAPI.cpp -- Found material bindings on prim at path (/anymal/RH_THIGH/visuals/mesh_0) but MaterialBindingAPI is not applied on the prim
Warning: in BindingsAtPrim at line 669 of /opt/USD/pxr/usd/usdShade/materialBindingAPI.cpp -- Found material bindings on prim at path (/anymal/RH_THIGH/visuals/mesh_0) but MaterialBindingAPI is not applied on the prim
Warning: in BindingsAtPrim at line 669 of /opt/USD/pxr/usd/usdShade/materialBindingAPI.cpp -- Found material bindings on prim at path (/anymal/RH_THIGH/visuals/mesh_0) but MaterialBindingAPI is not applied on the prim
Warning: in BindingsAtPrim at line 669 of /opt/USD/pxr/usd/usdShade/materialBindingAPI.cpp -- Found material bindings on prim at path (/anymal/RH_THIGH/visuals/mesh_1) but MaterialBindingAPI is not applied on the prim
Warning: in BindingsAtPrim at line 669 of /opt/USD/pxr/usd/usdShade/materialBindingAPI.cpp -- Found material bindings on prim at path (/anymal/RH_THIGH/visuals/mesh_1) but MaterialBindingAPI is not applied on the prim
Warning: in BindingsAtPrim at line 669 of /opt/USD/pxr/usd/usdShade/materialBindingAPI.cpp -- Found material bindings on prim at path (/anymal/RH_THIGH/visuals/mesh_1) but MaterialBindingAPI is not applied on the prim
Warning: in BindingsAtPrim at line 669 of /opt/USD/pxr/usd/usdShade/materialBindingAPI.cpp -- Found material bindings on prim at path (/anymal/RH_THIGH/visuals/mesh_1) but MaterialBindingAPI is not applied on the prim
Warning: in BindingsAtPrim at line 669 of /opt/USD/pxr/usd/usdShade/materialBindingAPI.cpp -- Found material bindings on prim at path (/anymal/RH_THIGH/visuals/mesh_2) but MaterialBindingAPI is not applied on the prim
Warning: in BindingsAtPrim at line 669 of /opt/USD/pxr/usd/usdShade/materialBindingAPI.cpp -- Found material bindings on prim at path (/anymal/RH_THIGH/visuals/mesh_2) but MaterialBindingAPI is not applied on the prim
Warning: in BindingsAtPrim at line 669 of /opt/USD/pxr/usd/usdShade/materialBindingAPI.cpp -- Found material bindings on prim at path (/anymal/RH_THIGH/visuals/mesh_2) but MaterialBindingAPI is not applied on the prim
Warning: in BindingsAtPrim at line 669 of /opt/USD/pxr/usd/usdShade/materialBindingAPI.cpp -- Found material bindings on prim at path (/anymal/RH_THIGH/visuals/mesh_2) but MaterialBindingAPI is not applied on the prim
Warning: in BindingsAtPrim at line 669 of /opt/USD/pxr/usd/usdShade/materialBindingAPI.cpp -- Found material bindings on prim at path (/anymal/RH_SHANK/visuals/mesh_0) but MaterialBindingAPI is not applied on the prim
Warning: in BindingsAtPrim at line 669 of /opt/USD/pxr/usd/usdShade/materialBindingAPI.cpp -- Found material bindings on prim at path (/anymal/RH_SHANK/visuals/mesh_0) but MaterialBindingAPI is not applied on the prim
Warning: in BindingsAtPrim at line 669 of /opt/USD/pxr/usd/usdShade/materialBindingAPI.cpp -- Found material bindings on prim at path (/anymal/RH_SHANK/visuals/mesh_0) but MaterialBindingAPI is not applied on the prim
Warning: in BindingsAtPrim at line 669 of /opt/USD/pxr/usd/usdShade/materialBindingAPI.cpp -- Found material bindings on prim at path (/anymal/RH_SHANK/visuals/mesh_0) but MaterialBindingAPI is not applied on the prim
Warning: in BindingsAtPrim at line 669 of /opt/USD/pxr/usd/usdShade/materialBindingAPI.cpp -- Found material bindings on prim at path (/anymal/RH_FOOT/visuals/mesh_0) but MaterialBindingAPI is not applied on the prim
Warning: in BindingsAtPrim at line 669 of /opt/USD/pxr/usd/usdShade/materialBindingAPI.cpp -- Found material bindings on prim at path (/anymal/RH_FOOT/visuals/mesh_0) but MaterialBindingAPI is not applied on the prim
Warning: in BindingsAtPrim at line 669 of /opt/USD/pxr/usd/usdShade/materialBindingAPI.cpp -- Found material bindings on prim at path (/anymal/RH_FOOT/visuals/mesh_0) but MaterialBindingAPI is not applied on the prim
Warning: in BindingsAtPrim at line 669 of /opt/USD/pxr/usd/usdShade/materialBindingAPI.cpp -- Found material bindings on prim at path (/anymal/RH_FOOT/visuals/mesh_0) but MaterialBindingAPI is not applied on the prim
